// Jest Snapshot v1, https://goo.gl/fbAQLP

exports[`HTML Rendering Tests: Ensures Blockquotes are rendered accurately It should render a single blockquote 1`] = `""`;

exports[`HTML Rendering Tests: Ensures Blockquotes are rendered accurately It should render multiple-line blockquotes 1`] = `""`;

exports[`HTML Rendering Tests: Ensures Emphasis syntax renders accurately  It should render **text** as bold 1`] = `""`;

exports[`HTML Rendering Tests: Ensures Emphasis syntax renders accurately  It should render *text* as italics 1`] = `""`;

exports[`HTML Rendering Tests: Ensures Emphasis syntax renders accurately  It should render __text__ as underlined 1`] = `""`;

exports[`HTML Rendering Tests: Ensures Emphasis syntax renders accurately  It should render _text_ as italics 1`] = `""`;

exports[`HTML Rendering Tests: Ensures Emphasis syntax renders accurately  It should render a combined bold and italics string __text **text**__ 1`] = `""`;

exports[`HTML Rendering Tests: Ensures Images and Links are rendered accurately It should render images 1`] = `""`;

exports[`HTML Rendering Tests: Ensures Images and Links are rendered accurately It should render links 1`] = `""`;

exports[`HTML Rendering Tests: Ensures Lists syntax renders accurately It should render unordered lists of a single item 1`] = `""`;

exports[`HTML Rendering Tests: Ensures Lists syntax renders accurately It should render unordered lists of multiple items 1`] = `""`;

exports[`HTML Rendering Tests: Ensures Lists syntax renders accurately It should render unordered lists of multiple items with indented items 1`] = `""`;

exports[`HTML Rendering Tests: Ensures header syntax renders accurately. It should render # as <h1> 1`] = `""`;

exports[`HTML Rendering Tests: Ensures header syntax renders accurately. It should render ## as <h2> 1`] = `""`;

exports[`HTML Rendering Tests: Ensures header syntax renders accurately. It should render ### as <h3> 1`] = `""`;

exports[`HTML Rendering Tests: Ensures header syntax renders accurately. It should render #### as <h4> 1`] = `""`;

exports[`HTML Rendering Tests: Ensures header syntax renders accurately. It should render ##### as <h5> 1`] = `""`;

exports[`HTML Rendering Tests: Ensures header syntax renders accurately. It should render ###### as <h6> 1`] = `""`;
